==================================================
New Time log started at 2026-05-11 18:51:22
2026-05-11 18:51:48 | take_screenshots | 10.687833s
2026-05-11 18:51:49 | load_images | 0.237781s
2026-05-11 18:51:51 | stitch_images_columnwise | 2.724521s
2026-05-11 18:51:54 | stitch_columns_together | 2.772877s
2026-05-11 19:04:13 | load_images | 0.216382s
2026-05-11 19:05:17 | load_images | 0.244073s
2026-05-11 19:05:19 | stitch_images_columnwise | 1.828978s
2026-05-11 19:05:35 | load_images | 0.225257s
2026-05-11 19:05:37 | stitch_images_columnwise | 1.648364s
2026-05-11 19:05:38 | stitch_columns_together | 0.925865s
2026-05-11 19:06:25 | load_images | 0.200275s
2026-05-11 19:06:27 | stitch_images_columnwise | 2.037009s
2026-05-11 19:06:28 | stitch_columns_together | 1.044784s
==================================================
New Time log started at 2026-05-11 19:12:56
2026-05-11 19:13:22 | take_screenshots | 9.831593s
==================================================
New Time log started at 2026-05-11 19:16:32
2026-05-11 19:16:59 | take_screenshots | 10.807314s
2026-05-11 19:19:02 | load_images | 0.230888s
2026-05-11 19:19:04 | stitch_images_columnwise | 1.858560s
2026-05-11 19:19:05 | stitch_columns_together | 0.983767s
==================================================
New log started at 2026-05-11 19:24:04
2026-05-11 19:24:32 | take_screenshots | 11.926043s
==================================================
New log started at 2026-05-11 19:29:55
2026-05-11 19:30:23 | take_screenshots | 11.740477s
==================================================
New log started at 2026-05-11 19:36:17
2026-05-11 19:36:44 | take_screenshots | 11.278319s
